// Jest Snapshot v1, https://goo.gl/fbAQLP

exports[`renders a welcome message when signed out 1`] = `
<a
  class="App-link"
  href="/books"
>
  Books
</a>
`;
